// Jest Snapshot v1, https://goo.gl/fbAQLP

exports[`Header component renders correctly 1`] = `
<header
  className="page-header"
>
  <TaskSearchForm />
</header>
`;
